[INFO] Scanning for projects...
[INFO] 
[INFO] --------------------------< com.EMS:backend >---------------------------
[INFO] Building  0.0.1-SNAPSHOT
[INFO]   from pom.xml
[INFO] --------------------------------[ jar ]---------------------------------
[INFO] 
[INFO] --- resources:3.3.1:resources (default-resources) @ backend ---
[INFO] Copying 1 resource from src\main\resources to target\classes
[INFO] Copying 0 resource from src\main\resources to target\classes
[INFO] 
[INFO] --- compiler:3.13.0:compile (default-compile) @ backend ---
[INFO] Recompiling the module because of changed source code.
[INFO] Compiling 60 source files with javac [debug parameters release 21] to target\classes
[INFO] -------------------------------------------------------------
[ERROR] COMPILATION ERROR : 
[INFO] -------------------------------------------------------------
[ERROR] /E:/Mukilan Ems - 2/EMS/backend/src/main/java/EMS/backend/controller/DashboardController.java:[1,2] class, interface, enum, or record expected
[ERROR] /E:/Mukilan Ems - 2/EMS/backend/src/main/java/EMS/backend/controller/DashboardController.java:[3,1] class, interface, enum, or record expected
[ERROR] /E:/Mukilan Ems - 2/EMS/backend/src/main/java/EMS/backend/controller/DashboardController.java:[4,1] class, interface, enum, or record expected
[ERROR] /E:/Mukilan Ems - 2/EMS/backend/src/main/java/EMS/backend/controller/DashboardController.java:[5,1] class, interface, enum, or record expected
[ERROR] /E:/Mukilan Ems - 2/EMS/backend/src/main/java/EMS/backend/controller/DashboardController.java:[6,1] class, interface, enum, or record expected
[ERROR] /E:/Mukilan Ems - 2/EMS/backend/src/main/java/EMS/backend/controller/DashboardController.java:[7,1] class, interface, enum, or record expected
[ERROR] /E:/Mukilan Ems - 2/EMS/backend/src/main/java/EMS/backend/controller/DashboardController.java:[8,1] class, interface, enum, or record expected
[ERROR] /E:/Mukilan Ems - 2/EMS/backend/src/main/java/EMS/backend/controller/DashboardController.java:[9,1] class, interface, enum, or record expected
[INFO] 8 errors 
[INFO] -------------------------------------------------------------
[INFO] ------------------------------------------------------------------------
[INFO] BUILD FAILURE
[INFO] ------------------------------------------------------------------------
[INFO] Total time:  2.938 s
[INFO] Finished at: 2026-03-20T21:57:47+05:30
[INFO] ------------------------------------------------------------------------
[ERROR] Failed to execute goal org.apache.maven.plugins:maven-compiler-plugin:3.13.0:compile (default-compile) on project backend: Compilation failure: Compilation failure: 
[ERROR] /E:/Mukilan Ems - 2/EMS/backend/src/main/java/EMS/backend/controller/DashboardController.java:[1,2] class, interface, enum, or record expected
[ERROR] /E:/Mukilan Ems - 2/EMS/backend/src/main/java/EMS/backend/controller/DashboardController.java:[3,1] class, interface, enum, or record expected
[ERROR] /E:/Mukilan Ems - 2/EMS/backend/src/main/java/EMS/backend/controller/DashboardController.java:[4,1] class, interface, enum, or record expected
[ERROR] /E:/Mukilan Ems - 2/EMS/backend/src/main/java/EMS/backend/controller/DashboardController.java:[5,1] class, interface, enum, or record expected
[ERROR] /E:/Mukilan Ems - 2/EMS/backend/src/main/java/EMS/backend/controller/DashboardController.java:[6,1] class, interface, enum, or record expected
[ERROR] /E:/Mukilan Ems - 2/EMS/backend/src/main/java/EMS/backend/controller/DashboardController.java:[7,1] class, interface, enum, or record expected
[ERROR] /E:/Mukilan Ems - 2/EMS/backend/src/main/java/EMS/backend/controller/DashboardController.java:[8,1] class, interface, enum, or record expected
[ERROR] /E:/Mukilan Ems - 2/EMS/backend/src/main/java/EMS/backend/controller/DashboardController.java:[9,1] class, interface, enum, or record expected
[ERROR] -> [Help 1]
[ERROR] 
[ERROR] To see the full stack trace of the errors, re-run Maven with the -e switch.
[ERROR] Re-run Maven using the -X switch to enable full debug logging.
[ERROR] 
[ERROR] For more information about the errors and possible solutions, please read the following articles:
[ERROR] [Help 1] http://cwiki.apache.org/confluence/display/MAVEN/MojoFailureException
